16:25:41 preflight stable
16:25:41 sidecar3 pid=274794
16:25:41 attempt 1
16:25:41 pid=274797 rss_kB=4048 cgroup_current=3368476672
16:25:51 pid=274797 rss_kB=21968 cgroup_current=3560742912
16:26:01 pid=274797 rss_kB=21908 cgroup_current=3772084224
16:26:11 pid=274797 rss_kB=21944 cgroup_current=3995332608
16:26:21 pid=274797 rss_kB=21836 cgroup_current=4226142208
16:26:31 pid=274797 rss_kB=21960 cgroup_current=4492722176
16:26:41 pid=274797 rss_kB=22136 cgroup_current=4905123840
16:26:51 pid=274797 rss_kB=22148 cgroup_current=5233750016
16:27:01 pid=274797 rss_kB=22152 cgroup_current=5569998848
16:27:11 pid=274797 rss_kB=22152 cgroup_current=3324751872
16:27:21 pid=274797 rss_kB=22152 cgroup_current=3448360960
16:27:31 pid=274797 rss_kB=22152 cgroup_current=3772637184
16:27:41 pid=274797 rss_kB=22328 cgroup_current=4165062656
16:27:51 pid=274797 rss_kB=22328 cgroup_current=4533297152
16:28:01 pid=274797 rss_kB=22328 cgroup_current=4918386688
16:28:11 pid=274797 rss_kB=22328 cgroup_current=5109014528
16:28:21 pid=274797 rss_kB=22328 cgroup_current=3251068928
16:28:31 pid=274797 rss_kB=22328 cgroup_current=3002216448
16:28:41 pid=274797 rss_kB=22496 cgroup_current=3517788160
16:28:51 pid=274797 rss_kB=22496 cgroup_current=3750289408
16:29:01 pid=274797 rss_kB=22496 cgroup_current=3967086592
16:29:11 pid=274797 rss_kB=22496 cgroup_current=4441300992
16:29:21 pid=274797 rss_kB=22496 cgroup_current=4662149120
16:29:31 pid=274797 rss_kB=22496 cgroup_current=5011673088
16:29:41 pid=274797 rss_kB=12884012 cgroup_current=16014139392
16:29:51 pid=274797 rss_kB=16580408 cgroup_current=19897360384
16:30:01 pid=274797 rss_kB=16580408 cgroup_current=19867152384
16:30:11 pid=274797 rss_kB=13827892 cgroup_current=17057050624
16:30:21 pid=274797 rss_kB=1513824 cgroup_current=4398833664
16:30:31 pid=274797 rss_kB=8301260 cgroup_current=11238477824
16:30:41 pid=274797 rss_kB=6925000 cgroup_current=9834176512
16:30:51 pid=274797 rss_kB=5541588 cgroup_current=8409559040
16:31:01 pid=274797 rss_kB=4624080 cgroup_current=7449554944
16:31:11 pid=274797 rss_kB=11582852 cgroup_current=14597160960
16:31:21 pid=274797 rss_kB=11062088 cgroup_current=14077284352
16:31:31 pid=274797 rss_kB=9227076 cgroup_current=12192043008
16:31:41 pid=274797 rss_kB=8281644 cgroup_current=11863019520
16:31:51 pid=274797 rss_kB=14647244 cgroup_current=17751519232
16:32:01 pid=274797 rss_kB=14647244 cgroup_current=17742536704
16:32:11 pid=274797 rss_kB=12216264 cgroup_current=15249248256
16:32:21 pid=274797 rss_kB=2949380 cgroup_current=6003400704
16:32:31 pid=274797 rss_kB=20858876 cgroup_current=24237830144
16:32:41 pid=274797 rss_kB=33297968 cgroup_current=36887560192
16:32:51 pid=274797 rss_kB=49388056 cgroup_current=53397168128
16:33:01 pid=274797 rss_kB=59471080 cgroup_current=63744294912
16:33:11 pid=274797 rss_kB=56050116 cgroup_current=60232155136
16:33:21 pid=274797 rss_kB=56050116 cgroup_current=60233007104
16:33:31 pid=274797 rss_kB=56050116 cgroup_current=60230119424
16:33:41 pid=274797 rss_kB=56050116 cgroup_current=60234653696
16:33:51 pid=274797 rss_kB=56050116 cgroup_current=60233383936
16:34:01 pid=274797 rss_kB=56050116 cgroup_current=60230631424
16:34:11 pid=274797 rss_kB=46736832 cgroup_current=50676334592
16:34:21 pid=274797 rss_kB=46736832 cgroup_current=50677932032
16:34:31 pid=274797 rss_kB=46736832 cgroup_current=50683342848
16:34:41 pid=274797 rss_kB=46736832 cgroup_current=50702659584
16:34:51 pid=274797 rss_kB=46736832 cgroup_current=50682236928
16:35:01 pid=274797 rss_kB=5977712 cgroup_current=8853086208
16:35:11 pid=274797 rss_kB=16512728 cgroup_current=19674640384
16:35:21 pid=274797 rss_kB=26700644 cgroup_current=32518500352
16:35:31 pid=274797 rss_kB=44898164 cgroup_current=48798887936
16:35:41 pid=274797 rss_kB=55302256 cgroup_current=59553243136
16:35:51 pid=274797 rss_kB=65363296 cgroup_current=69794254848
16:36:01 pid=274797 rss_kB=56050116 cgroup_current=60227661824
16:36:11 pid=274797 rss_kB=56050116 cgroup_current=60229156864
16:36:21 pid=274797 rss_kB=56050116 cgroup_current=60228587520
16:36:31 pid=274797 rss_kB=56050116 cgroup_current=60230766592
16:36:41 pid=274797 rss_kB=56050116 cgroup_current=60252090368
16:36:51 pid=274797 rss_kB=46736832 cgroup_current=50735702016
16:37:01 pid=274797 rss_kB=46736832 cgroup_current=50876956672
16:37:11 pid=274797 rss_kB=46736832 cgroup_current=50877906944
16:37:21 pid=274797 rss_kB=46736832 cgroup_current=50879983616
16:37:31 pid=274797 rss_kB=46736832 cgroup_current=50876198912
16:37:41 pid=274797 rss_kB=14597196 cgroup_current=17897320448
16:37:51 pid=274797 rss_kB=12730740 cgroup_current=16077811712
16:38:01 pid=274797 rss_kB=23524988 cgroup_current=27220721664
16:38:11 pid=274797 rss_kB=41121644 cgroup_current=45122179072
16:38:21 pid=274797 rss_kB=51565336 cgroup_current=55837609984
16:38:31 pid=274797 rss_kB=65363296 cgroup_current=69986672640
16:38:42 pid=274797 rss_kB=56050116 cgroup_current=60433530880
16:38:52 pid=274797 rss_kB=56050116 cgroup_current=60459167744
16:39:02 pid=274797 rss_kB=56050116 cgroup_current=60437909504
16:39:12 pid=274797 rss_kB=56050116 cgroup_current=60438843392
16:39:22 pid=274797 rss_kB=56050116 cgroup_current=60440236032
16:39:32 pid=274797 rss_kB=46736832 cgroup_current=50880598016
16:39:42 pid=274797 rss_kB=46736832 cgroup_current=50880385024
16:39:52 pid=274797 rss_kB=46736832 cgroup_current=50881519616
16:40:02 pid=274797 rss_kB=46736832 cgroup_current=50901643264
16:40:12 pid=274797 rss_kB=46736832 cgroup_current=50881724416
16:40:22 pid=274797 rss_kB=34188480 cgroup_current=38001676288
16:40:32 pid=274797 rss_kB=4916296 cgroup_current=7976509440
16:40:42 pid=274797 rss_kB=17655736 cgroup_current=21048471552
16:40:52 pid=274797 rss_kB=16583924 cgroup_current=19945791488
16:41:02 pid=274797 rss_kB=13831408 cgroup_current=17156616192
16:41:12 pid=274797 rss_kB=13831408 cgroup_current=17120919552
16:41:22 pid=274797 rss_kB=4265400 cgroup_current=7667105792
16:41:32 pid=274797 rss_kB=8304800 cgroup_current=11572465664
16:41:42 pid=274797 rss_kB=6282412 cgroup_current=9493254144
16:41:52 pid=274797 rss_kB=5545108 cgroup_current=8676773888
16:42:02 pid=274797 rss_kB=3436208 cgroup_current=6558461952
16:42:12 pid=274797 rss_kB=11064524 cgroup_current=14365712384
16:42:22 pid=274797 rss_kB=9229512 cgroup_current=12525625344
16:42:32 pid=274797 rss_kB=3413124 cgroup_current=6549860352
16:42:42 pid=274797 rss_kB=12446000 cgroup_current=15833530368
16:42:52 pid=274797 rss_kB=14649680 cgroup_current=18026258432
16:43:02 pid=274797 rss_kB=12218700 cgroup_current=15538233344
16:43:12 pid=274797 rss_kB=12218700 cgroup_current=15563681792
16:43:22 pid=274797 rss_kB=10898552 cgroup_current=14172696576
16:43:32 pid=274797 rss_kB=26634008 cgroup_current=30311538688
16:43:42 pid=274797 rss_kB=39088076 cgroup_current=43094171648
16:43:52 pid=274797 rss_kB=49750940 cgroup_current=54038663168
16:44:02 pid=274797 rss_kB=64717576 cgroup_current=69403230208
16:44:12 pid=274797 rss_kB=56051460 cgroup_current=60553113600
16:44:22 pid=274797 rss_kB=56051460 cgroup_current=60517285888
16:44:32 pid=274797 rss_kB=56051460 cgroup_current=60513370112
16:44:42 pid=274797 rss_kB=56051460 cgroup_current=60512477184
16:44:52 pid=274797 rss_kB=56051460 cgroup_current=60502192128
16:45:02 pid=274797 rss_kB=46738176 cgroup_current=50953043968
16:45:12 pid=274797 rss_kB=46738176 cgroup_current=50953428992
16:45:22 pid=274797 rss_kB=46738176 cgroup_current=50969817088
16:45:32 pid=274797 rss_kB=46738176 cgroup_current=50949378048
16:45:42 pid=274797 rss_kB=46738176 cgroup_current=50950762496
16:45:52 pid=274797 rss_kB=29723328 cgroup_current=33481031680
16:46:02 pid=274797 rss_kB=7379464 cgroup_current=11278290944
16:46:12 pid=274797 rss_kB=24024664 cgroup_current=27660779520
16:46:22 pid=274797 rss_kB=36464180 cgroup_current=40464945152
16:46:32 pid=274797 rss_kB=47395532 cgroup_current=51641274368
16:46:42 pid=274797 rss_kB=62333656 cgroup_current=66963734528
16:46:52 pid=274797 rss_kB=56051460 cgroup_current=60518559744
16:47:02 pid=274797 rss_kB=56051460 cgroup_current=60515983360
16:47:12 pid=274797 rss_kB=56051460 cgroup_current=60517601280
16:47:22 pid=274797 rss_kB=56051460 cgroup_current=60536360960
16:47:32 pid=274797 rss_kB=56051460 cgroup_current=60515196928
16:47:42 pid=274797 rss_kB=56051460 cgroup_current=60514095104
16:47:52 pid=274797 rss_kB=46738176 cgroup_current=50959286272
16:48:02 pid=274797 rss_kB=46738176 cgroup_current=50962083840
16:48:12 pid=274797 rss_kB=46738176 cgroup_current=50966384640
16:48:22 pid=274797 rss_kB=46738176 cgroup_current=51010392064
16:48:32 pid=274797 rss_kB=40311552 cgroup_current=44415860736
16:48:42 pid=274797 rss_kB=1540796 cgroup_current=5892993024
16:48:52 pid=274797 rss_kB=19228004 cgroup_current=22739861504
16:49:02 pid=274797 rss_kB=30683900 cgroup_current=34496462848
16:49:12 pid=274797 rss_kB=47592044 cgroup_current=51842211840
16:49:22 pid=274797 rss_kB=57451504 cgroup_current=61959737344
16:49:32 pid=274797 rss_kB=56051460 cgroup_current=60604743680
16:49:42 pid=274797 rss_kB=56051460 cgroup_current=60602970112
16:49:52 pid=274797 rss_kB=56051460 cgroup_current=60603977728
16:50:02 pid=274797 rss_kB=56051460 cgroup_current=60601909248
16:50:12 pid=274797 rss_kB=56051460 cgroup_current=60600238080
16:50:22 pid=274797 rss_kB=56051460 cgroup_current=60600647680
16:50:32 pid=274797 rss_kB=46738176 cgroup_current=51040669696
16:50:42 pid=274797 rss_kB=46738176 cgroup_current=51063730176
16:50:52 pid=274797 rss_kB=46738176 cgroup_current=51034841088
16:51:02 pid=274797 rss_kB=46738176 cgroup_current=51011538944
16:51:12 pid=274797 rss_kB=46738176 cgroup_current=51012476928
16:51:22 pid=274797 rss_kB=7815788 cgroup_current=11045900288
16:51:32 attempt 1 rc=0 last_rss_kB=7815788
16:51:32 SUCCESS
